    0.5 log     [UnityCache] 'http://127.0.0.1:8764/Build/WebGL.data.br' successfully revalidated and served from the browser cache
    0.6 log     [UnityMemory] Configuration Parameters - Can be set up in boot.config

    1.0 log         "memorysetup-bucket-allocator-granularity=16"

    1.0 log         "memorysetup-bucket-allocator-bucket-count=8"

    1.0 log         "memorysetup-bucket-allocator-block-size=4194304"

    1.0 log         "memorysetup-bucket-allocator-block-count=1"

    1.0 log         "memorysetup-main-allocator-block-size=16777216"

    1.0 log         "memorysetup-thread-allocator-block-size=16777216"

    1.0 log         "memorysetup-main-allocator-mimalloc-enabled=1"

    1.0 log         "memorysetup-gfx-main-allocator-block-size=16777216"

    1.0 log         "memorysetup-gfx-thread-allocator-block-size=16777216"

    1.0 log         "memorysetup-cache-allocator-block-size=4194304"

    1.0 log         "memorysetup-typetree-allocator-block-size=2097152"

    1.0 log         "memorysetup-profiler-bucket-allocator-granularity=16"

    1.0 log         "memorysetup-profiler-bucket-allocator-bucket-count=8"

    1.0 log         "memorysetup-profiler-bucket-allocator-block-size=4194304"

    1.0 log         "memorysetup-profiler-bucket-allocator-block-count=1"

    1.0 log         "memorysetup-profiler-allocator-block-size=16777216"

    1.0 log         "memorysetup-profiler-editor-allocator-block-size=1048576"

    1.0 log         "memorysetup-temp-allocator-size-main=4194304"

    1.0 log         "memorysetup-job-temp-allocator-block-size=2097152"

    1.0 log         "memorysetup-job-temp-allocator-block-size-background=1048576"

    1.0 log         "memorysetup-job-temp-allocator-reduction-small-platforms=262144"

    1.0 log         "memorysetup-temp-allocator-size-background-worker=32768"

    1.0 log         "memorysetup-allocator-temp-initial-block-size-main=262144"

    1.0 log         "memorysetup-allocator-temp-initial-block-size-worker=262144"

    1.0 log         "memorysetup-temp-allocator-size-audio-worker=65536"

    1.0 log         "memorysetup-remapper-allocator-initial-capacity=32768"

    1.0 log     CodeReloadManager initialized

    1.0 log     Input System module state changed to: Initialized.

    1.0 log     [Physics::Module] Initialized fallback backend.

    1.0 log     [Physics::Module] Id: 0xdecafbad

    1.0 log     Loading player data from data.unity3d

    1.1 log     Initialize engine version: 6000.6.2f1 (770e33f6875c)

    1.1 log     [EntityIdStore] init: page-table path, blockCount=1048576, entitiesPerBlock=256, top-level=8388608 bytes, sizeof(Block)=4128 (lazily allocated per committed block)

    1.1 log     Creating WebGL 2.0 context.
    1.1 log     Renderer: WebKit WebGL

    1.1 log     Vendor:   WebKit

    1.1 log     Version:  OpenGL ES 3.0 (WebGL 2.0 (OpenGL ES 3.0 Chromium))

    1.1 log     GLES:     3

    1.1 log      EXT_clip_control EXT_color_buffer_float EXT_color_buffer_half_float EXT_conservative_depth EXT_depth_clamp EXT_disjoint_timer_query_webgl2 EXT_float_blend EXT_polygon_offset_clamp EXT_texture_compression_bptc EXT_texture_compression_rgtc EXT_texture_filter_anisotropic EXT_texture_norm16 KHR_parallel_shader_compile NV_shader_noperspective_interpolation OES_texture_float_linear WEBGL_blend_func_extended WEBGL_clip_cull_distance WEBGL_compressed_texture_astc WEBGL_compressed_texture_etc WEBGL_compressed_texture_etc1 WEBGL_compressed_texture_s3tc WEBGL_compressed_texture_s3tc_srgb WEBGL_debug_renderer_info WEBGL_debug_shaders WEBGL_lose_context WEBGL_multi_draw GL_EXT_clip_control GL_EXT_color_buffer_float GL_EXT_color_buffer_half_float GL_EXT_conservative_depth GL_EXT_depth_clamp GL_EXT_disjoint_timer_query_webgl2 GL_EXT_float_blend GL_EXT_polygon_offset_clamp GL_EXT_texture_compression_bptc GL_EXT_texture_compression_rgtc GL_EXT_texture_filter_anisotropic GL_EXT_texture_norm16 GL_KHR_parallel_shader_compile G

    1.1 log     L_NV_shader_noperspective_interpolation GL_OES_texture_float_linear GL_WEBGL_blend_func_extended GL_WEBGL_clip_cull_distance GL_WEBGL_compressed_texture_astc GL_WEBGL_compressed_texture_etc GL_WEBGL_compressed_texture_etc1 GL_WEBGL_compressed_texture_s3tc GL_WEBGL_compressed_texture_s3tc_srgb GL_WEBGL_debug_renderer_info GL_WEBGL_debug_shaders GL_WEBGL_lose_context GL_WEBGL_multi_draw

    1.1 log     OPENGL LOG: Creating OpenGL ES 3.0 graphics device ; Context level  <OpenGL ES 3.0> ; Context handle 1

    1.1 log     [Physics::Module] Selected backend.

    1.2 log     [Physics::Module] Name: PhysX

    1.2 log     [Physics::Module] Id: 0xf2b8ea05

    1.2 log     [Physics::Module] SDK Version: 4.1.2

    1.2 log     [Physics::Module] Integration Version: 1.0.0

    1.2 log     [Physics::Module] Threading Mode: Single-Threaded

    1.2 log     Input System initialize...

    1.3 log     UnloadTime: 3.700000 ms

    1.3 log     [Keys] printed on: A='A' D='D' Q='Q' E='E' W='W' S='S' Z='Z' H='H' R='R' L='L' T='T' M='M' (layout '')

    1.5 log     [Fonts] plain lettering off

    1.7 log     Audio context resumed after 0.565 seconds.
    1.7 log     [Build] Lost & Found v0.1.0  ·  133561c, Unity 6000.6.2f1, WebGLPlayer

    1.9 log     [Save] /idbfs/85a6f47a273ab1477d2f4ba1e25e8ab9/lostandfound_save.json

    1.9 log     [Quality] High: render scale 1

    1.9 log     [Game] continue at day 1, after 2 case(s) (frame 1)

    1.9 log     [Day] 1: resuming after 2 case(s)

    1.9 log     Trying to get length of sound which is not loaded yet.
    1.9 log     Trying to get metadata of sound which is not loaded.
    1.9 log     Trying to get length of sound which is not loaded yet.
    1.9 log     Trying to get metadata of sound which is not loaded.
    1.9 log     Trying to get length of sound which is not loaded yet.
    1.9 log     Trying to get metadata of sound which is not loaded.
    1.9 log     Trying to get length of sound which is not loaded yet.
    1.9 log     Trying to get metadata of sound which is not loaded.
    1.9 log     Trying to get length of sound which is not loaded yet.
    1.9 log     Trying to get metadata of sound which is not loaded.
    1.9 log     Shader 'Hidden/Universal Render Pipeline/GaussianDepthOfField' is not supported or has been stripped from the build (in 'DepthOfFieldGaussianPostProcessPass'). PostProcessing render passes will not execute.

    2.4 log     Shader 'Hidden/Universal Render Pipeline/GaussianDepthOfField' is not supported or has been stripped from the build (in 'DepthOfFieldGaussianPostProcessPass'). PostProcessing render passes will not execute.

    2.4 log     Shader 'Hidden/Universal Render Pipeline/BokehDepthOfField' is not supported or has been stripped from the build (in 'DepthOfFieldBokehPostProcessPass'). PostProcessing render passes will not execute.

    2.4 log     Shader 'Hidden/Universal Render Pipeline/PaniniProjection' is not supported or has been stripped from the build (in 'PaniniProjectionPostProcessPass'). PostProcessing render passes will not execute.

    2.4 warning Shader 'Hidden/Universal Render Pipeline/Edge Adaptive Spatial Upsampling' is not supported or has been stripped from the build (in 'Blit FSR Upscaling'). PostProcessing render passes will not execute.

    2.4 log     Unloading 5 Unused Serialized files (Serialized files now loaded: 0)

    2.9 log     Unloading 14 unused Assets to reduce memory usage. Loaded Objects now: 3585.

    2.9 log     Total: 13.400000 ms (FindLiveObjects: 0.400001 ms CreateObjectMapping: 0.299999 ms MarkObjects: 12.000000 ms  DeleteObjects: 0.399999 ms)


    2.9 log     Trying to get length of sound which is not loaded yet.
    3.3 log     Trying to get metadata of sound which is not loaded.
[webgl] WebGL renderer: ANGLE (AMD, AMD Radeon 8060S Graphics (radeonsi strix_halo ACO), OpenGL ES 3.2)
    4.4 log     Trying to get length of sound which is not loaded yet.
    5.2 log     Trying to get metadata of sound which is not loaded.
    5.2 log     Trying to get length of sound which is not loaded yet.
    5.2 log     Trying to get metadata of sound which is not loaded.
    5.2 log     Trying to get length of sound which is not loaded yet.
    5.2 log     Trying to get metadata of sound which is not loaded.
    5.2 log     Trying to get length of sound which is not loaded yet.
    5.2 log     Trying to get metadata of sound which is not loaded.
    6.2 log     Trying to get length of sound which is not loaded yet.
    6.8 log     Trying to get metadata of sound which is not loaded.
    6.8 log     Trying to get length of sound which is not loaded yet.
    6.9 log     Trying to get metadata of sound which is not loaded.
    6.9 log     Trying to get length of sound which is not loaded yet.
    6.9 log     Trying to get metadata of sound which is not loaded.
    6.9 log     Trying to get length of sound which is not loaded yet.
    6.9 log     Trying to get metadata of sound which is not loaded.
    6.9 log     Trying to get length of sound which is not loaded yet.
    6.9 log     Trying to get metadata of sound which is not loaded.
    6.9 log     Trying to get length of sound which is not loaded yet.
    6.9 log     Trying to get metadata of sound which is not loaded.
    6.9 log     Trying to get length of sound which is not loaded yet.
    6.9 log     Trying to get metadata of sound which is not loaded.
    6.9 log     Trying to get length of sound which is not loaded yet.
    6.9 log     Trying to get metadata of sound which is not loaded.
    6.9 log     Trying to get length of sound which is not loaded yet.
    6.9 log     Trying to get metadata of sound which is not loaded.
    7.9 log     Trying to get length of sound which is not loaded yet.
    8.0 log     Trying to get metadata of sound which is not loaded.
    8.0 log     Trying to get length of sound which is not loaded yet.
    8.0 log     Trying to get metadata of sound which is not loaded.
    8.0 log     Trying to get length of sound which is not loaded yet.
    8.0 log     Trying to get metadata of sound which is not loaded.
    9.0 log     [Shot] 000_case1.3_window

    9.2 log     Trying to get length of sound which is not loaded yet.
    9.2 log     Trying to get metadata of sound which is not loaded.
    9.2 log     Trying to get length of sound which is not loaded yet.
    9.2 log     Trying to get metadata of sound which is not loaded.
    9.7 log     [Shot] 001_day1_rules_card

    9.7 log     [Rules] day1 hover card: rules written at 30 (glosses 24) of at most 30, 7 lines, font Kalam

   10.2 log     [Shot] 002_case1.3_tag

   10.3 log     [LedgerBook] the desk's ledger can be pointed at from 23 of 42 points over it on screen (first at 1101,46 of 1445x813)

   10.3 log     [LedgerBook] day 1 morning: 0 page(s) (); the desk says "The Day Ledger   ·   each evening's page is kept in here"

   10.8 log     Trying to get length of sound which is not loaded yet.
   10.8 log     Trying to get metadata of sound which is not loaded.
   10.8 log     Trying to get length of sound which is not loaded yet.
   10.8 log     Trying to get metadata of sound which is not loaded.
   10.8 log     Trying to get length of sound which is not loaded yet.
   10.8 log     Trying to get metadata of sound which is not loaded.
   10.8 log     Trying to get length of sound which is not loaded yet.
   10.8 log     Trying to get metadata of sound which is not loaded.
   10.8 log     Trying to get length of sound which is not loaded yet.
   10.9 log     Trying to get metadata of sound which is not loaded.
   10.9 log     [Shot] 003_case1.3_inspect

   11.7 log     Trying to get length of sound which is not loaded yet.
   11.7 log     Trying to get metadata of sound which is not loaded.
   11.7 log     Trying to get length of sound which is not loaded yet.
   11.7 log     Trying to get metadata of sound which is not loaded.
   11.7 log     Trying to get length of sound which is not loaded yet.
   11.7 log     Trying to get metadata of sound which is not loaded.
   11.7 log     Trying to get length of sound which is not loaded yet.
   11.7 log     Trying to get metadata of sound which is not loaded.
   11.7 log     [StampHint] case 1.3, REFUSE over the slip: "REFUSE: send Reggie Stokes away with nothing   ·   Click to stamp" ok

   12.5 log     Trying to get length of sound which is not loaded yet.
   12.7 log     Trying to get metadata of sound which is not loaded.
   12.7 log     [Auto] day 1 case 1.3: refuse (reggie: contradicted by detail:namestrip) (authored best refuse)

   12.7 log     Trying to get length of sound which is not loaded yet.
   12.8 log     Trying to get metadata of sound which is not loaded.
   12.8 log     [Shot] 004_case1.3_verdict

   14.0 log     Trying to get length of sound which is not loaded yet.
   14.0 log     Trying to get metadata of sound which is not loaded.
   14.0 log     Trying to get length of sound which is not loaded yet.
   14.0 log     Trying to get metadata of sound which is not loaded.
   14.0 log     Trying to get length of sound which is not loaded yet.
   14.0 log     Trying to get metadata of sound which is not loaded.
   17.0 log     Trying to get length of sound which is not loaded yet.
   17.1 log     Trying to get metadata of sound which is not loaded.
   17.1 log     Trying to get length of sound which is not loaded yet.
   17.1 log     Trying to get metadata of sound which is not loaded.
   17.1 log     [Shot] 005_day1_note

   17.9 log     Trying to get length of sound which is not loaded yet.
   17.9 log     Trying to get metadata of sound which is not loaded.
   17.9 log     Trying to get length of sound which is not loaded yet.
   17.9 log     Trying to get metadata of sound which is not loaded.
   17.9 log     Trying to get length of sound which is not loaded yet.
   17.9 log     Trying to get metadata of sound which is not loaded.
   17.9 log     Trying to get length of sound which is not loaded yet.
   18.0 log     Trying to get metadata of sound which is not loaded.
   18.0 log     Trying to get length of sound which is not loaded yet.
   18.0 log     Trying to get metadata of sound which is not loaded.
   18.0 log     Trying to get length of sound which is not loaded yet.
   18.0 log     Trying to get metadata of sound which is not loaded.
   18.0 log     Trying to get length of sound which is not loaded yet.
   18.0 log     Trying to get metadata of sound which is not loaded.
   18.0 log     Trying to get length of sound which is not loaded yet.
   18.0 log     Trying to get metadata of sound which is not loaded.
   18.0 log     Trying to get length of sound which is not loaded yet.
   18.0 log     Trying to get metadata of sound which is not loaded.
   18.0 log     Trying to get length of sound which is not loaded yet.
   18.0 log     Trying to get metadata of sound which is not loaded.
   18.0 log     Trying to get length of sound which is not loaded yet.
   18.0 log     Trying to get metadata of sound which is not loaded.
   19.0 log     Trying to get length of sound which is not loaded yet.
   19.8 log     Trying to get metadata of sound which is not loaded.
   20.8 log     [Shot] 006_case1.4_window

   20.8 log     Trying to get length of sound which is not loaded yet.
   20.9 log     Trying to get metadata of sound which is not loaded.
   20.9 log     Trying to get length of sound which is not loaded yet.
   20.9 log     Trying to get metadata of sound which is not loaded.
   21.4 log     Trying to get length of sound which is not loaded yet.
   21.4 log     Trying to get metadata of sound which is not loaded.
   21.4 log     [Shot] 007_case1.4_inspect

   21.9 log     Trying to get length of sound which is not loaded yet.
   21.9 log     Trying to get metadata of sound which is not loaded.
   21.9 log     Trying to get length of sound which is not loaded yet.
   21.9 log     Trying to get metadata of sound which is not loaded.
   21.9 log     Trying to get length of sound which is not loaded yet.
   21.9 log     Trying to get metadata of sound which is not loaded.
   21.9 log     Trying to get length of sound which is not loaded yet.
   21.9 log     Trying to get metadata of sound which is not loaded.
   21.9 log     [StampHint] case 1.4, RETURN over the slip: "RETURN: give the battered brown suitcase to Mrs Odile Marsh   ·   Click to stamp" ok

   22.7 log     [Auto] day 1 case 1.4: return->odile (odile: it hums for them) (authored best return->odile)

   22.9 log     [Shot] 008_case1.4_verdict

   24.0 log     Trying to get length of sound which is not loaded yet.
   24.0 log     Trying to get metadata of sound which is not loaded.
   24.0 log     Trying to get length of sound which is not loaded yet.
   24.4 log     Trying to get metadata of sound which is not loaded.
   28.4 log     Trying to get length of sound which is not loaded yet.
   29.0 log     Trying to get metadata of sound which is not loaded.
   29.0 log     Trying to get length of sound which is not loaded yet.
   29.0 log     Trying to get metadata of sound which is not loaded.
   29.0 log     Trying to get length of sound which is not loaded yet.
   29.0 log     Trying to get metadata of sound which is not loaded.
   33.0 log     Trying to get length of sound which is not loaded yet.
   33.3 log     Trying to get metadata of sound which is not loaded.
   34.3 log     Trying to get length of sound which is not loaded yet.
   34.5 log     Trying to get metadata of sound which is not loaded.
   34.5 log     [Ledger] day 1: 1.1 best Returned to Walter 3/3; 1.2 best Returned to Clementine 2/2; 1.3 best Refused 2/2; 1.4 best Returned to Mrs Marsh 3/3; tally 4/4, 3 stamps; gazette "WOMAN, 94, REUNITED WITH LUGGAGE LOST IN 1934"

   35.5 log     Trying to get length of sound which is not loaded yet.
   35.6 log     Trying to get metadata of sound which is not loaded.
   35.6 log     Trying to get length of sound which is not loaded yet.
   35.6 log     Trying to get metadata of sound which is not loaded.
   35.6 log     Trying to get length of sound which is not loaded yet.
   35.6 log     Trying to get metadata of sound which is not loaded.
   35.6 log     Trying to get length of sound which is not loaded yet.
   35.6 log     Trying to get metadata of sound which is not loaded.
   35.6 log     Trying to get length of sound which is not loaded yet.
   35.6 log     Trying to get metadata of sound which is not loaded.
   36.6 log     Trying to get length of sound which is not loaded yet.
   37.3 log     Trying to get metadata of sound which is not loaded.
   37.3 log     Trying to get length of sound which is not loaded yet.
   37.8 log     Trying to get metadata of sound which is not loaded.
   37.8 log     [Shot] 009_day1_ledger

   39.6 log     Trying to get length of sound which is not loaded yet.
   40.4 log     Trying to get metadata of sound which is not loaded.
   40.4 log     Unloading 1 Unused Serialized files (Serialized files now loaded: 0)

   40.6 log     Unloading 4 unused Assets to reduce memory usage. Loaded Objects now: 4395.

   40.7 log     Total: 27.399999 ms (FindLiveObjects: 0.799999 ms CreateObjectMapping: 0.100001 ms MarkObjects: 25.699999 ms  DeleteObjects: 0.599999 ms)


   42.7 log     [Day] 2: morning

   52.0 log     Trying to get length of sound which is not loaded yet.
   52.5 log     Trying to get metadata of sound which is not loaded.
   52.5 log     Trying to get length of sound which is not loaded yet.
   52.5 log     Trying to get metadata of sound which is not loaded.
   52.5 log     Trying to get length of sound which is not loaded yet.
   52.5 log     Trying to get metadata of sound which is not loaded.
   52.5 log     Trying to get length of sound which is not loaded yet.
   52.5 log     Trying to get metadata of sound which is not loaded.
   52.5 log     Trying to get length of sound which is not loaded yet.
   52.5 log     Trying to get metadata of sound which is not loaded.
   52.5 log     Trying to get length of sound which is not loaded yet.
   52.5 log     Trying to get metadata of sound which is not loaded.
   52.5 log     Trying to get length of sound which is not loaded yet.
   52.5 log     Trying to get metadata of sound which is not loaded.
   52.5 log     Trying to get length of sound which is not loaded yet.
   52.5 log     Trying to get metadata of sound which is not loaded.
   54.5 log     [Shot] 010_case2.1_window

   55.7 log     [Shot] 011_day2_rules_card

   55.7 log     [Rules] day2 hover card: rules written at 30 (glosses 24) of at most 30, 16 lines, font Kalam

   56.4 log     [Shot] 012_case2.1_tag

   56.4 log     [LedgerBook] day 2 morning: 1 page(s) (1); the desk says "The Day Ledger   ·   click to read the week so far (one day)"

   56.4 log     Trying to get length of sound which is not loaded yet.
   56.4 log     Trying to get metadata of sound which is not loaded.
   56.4 log     Trying to get length of sound which is not loaded yet.
   56.4 log     Trying to get metadata of sound which is not loaded.
   56.4 log     [LedgerBook] day 1: 1.1 best Returned to Walter 3/3; 1.2 best Returned to Clementine 2/2; 1.3 best Refused 2/2; 1.4 best Returned to Mrs Marsh 3/3; tally 4/4, 3 stamps; gazette "WOMAN, 94, REUNITED WITH LUGGAGE LOST IN 1934"

   56.4 log     [Shot] 013_day2_book_day1

   57.4 log     Trying to get length of sound which is not loaded yet.
   57.4 log     Trying to get metadata of sound which is not loaded.
   57.4 log     [Shot] 014_day2_pause_menu

   57.4 log     [LedgerBook] day 1: 1.1 best Returned to Walter 3/3; 1.2 best Returned to Clementine 2/2; 1.3 best Refused 2/2; 1.4 best Returned to Mrs Marsh 3/3; tally 4/4, 3 stamps; gazette "WOMAN, 94, REUNITED WITH LUGGAGE LOST IN 1934"

   57.7 log     [Shot] 015_day2_book_from_pause

   58.5 log     [Shot] 016_case2.1_inspect

   59.5 log     [StampHint] case 2.1, RETURN over the slip: "RETURN: give the green umbrella with a duck handle to Constable Bramble   ·   Click to stamp" ok

   60.2 log     [Auto] day 2 case 2.1: return->bramble (story matches) (authored best return->bramble)

   60.4 log     [Shot] 017_case2.1_verdict

   64.7 log     Trying to get length of sound which is not loaded yet.
   64.9 log     Trying to get metadata of sound which is not loaded.
   64.9 log     Trying to get length of sound which is not loaded yet.
   64.9 log     Trying to get metadata of sound which is not loaded.
   64.9 log     Trying to get length of sound which is not loaded yet.
   64.9 log     Trying to get metadata of sound which is not loaded.
   64.9 log     Trying to get length of sound which is not loaded yet.
   64.9 log     Trying to get metadata of sound which is not loaded.
   64.9 log     Trying to get length of sound which is not loaded yet.
   64.9 log     Trying to get metadata of sound which is not loaded.
   64.9 log     Trying to get length of sound which is not loaded yet.
   64.9 log     Trying to get metadata of sound which is not loaded.
   64.9 log     Trying to get length of sound which is not loaded yet.
   64.9 log     Trying to get metadata of sound which is not loaded.
   64.9 log     Trying to get length of sound which is not loaded yet.
   64.9 log     Trying to get metadata of sound which is not loaded.
   64.9 log     Trying to get length of sound which is not loaded yet.
   65.3 log     Trying to get metadata of sound which is not loaded.
   67.3 log     [Shot] 018_case2.2_window

[idbfs] /idbfs/85a6f47a273ab1477d2f4ba1e25e8ab9 (folder)
[idbfs] /idbfs/85a6f47a273ab1477d2f4ba1e25e8ab9/lostandfound_save.json 5303 bytes
[idbfs] /idbfs/85a6f47a273ab1477d2f4ba1e25e8ab9/lostandfound_save.json.bak 4818 bytes
