    0.5 log     [Shot] page_loading
    1.2 log     [UnityMemory] Configuration Parameters - Can be set up in boot.config

    1.3 log         "memorysetup-bucket-allocator-granularity=16"

    1.3 log         "memorysetup-bucket-allocator-bucket-count=8"

    1.3 log         "memorysetup-bucket-allocator-block-size=4194304"

    1.3 log         "memorysetup-bucket-allocator-block-count=1"

    1.3 log         "memorysetup-main-allocator-block-size=16777216"

    1.3 log         "memorysetup-thread-allocator-block-size=16777216"

    1.3 log         "memorysetup-main-allocator-mimalloc-enabled=1"

    1.3 log         "memorysetup-gfx-main-allocator-block-size=16777216"

    1.3 log         "memorysetup-gfx-thread-allocator-block-size=16777216"

    1.3 log         "memorysetup-cache-allocator-block-size=4194304"

    1.3 log         "memorysetup-typetree-allocator-block-size=2097152"

    1.3 log         "memorysetup-profiler-bucket-allocator-granularity=16"

    1.3 log         "memorysetup-profiler-bucket-allocator-bucket-count=8"

    1.3 log         "memorysetup-profiler-bucket-allocator-block-size=4194304"

    1.3 log         "memorysetup-profiler-bucket-allocator-block-count=1"

    1.3 log         "memorysetup-profiler-allocator-block-size=16777216"

    1.3 log         "memorysetup-profiler-editor-allocator-block-size=1048576"

    1.3 log         "memorysetup-temp-allocator-size-main=4194304"

    1.3 log         "memorysetup-job-temp-allocator-block-size=2097152"

    1.3 log         "memorysetup-job-temp-allocator-block-size-background=1048576"

    1.3 log         "memorysetup-job-temp-allocator-reduction-small-platforms=262144"

    1.3 log         "memorysetup-temp-allocator-size-background-worker=32768"

    1.3 log         "memorysetup-allocator-temp-initial-block-size-main=262144"

    1.3 log         "memorysetup-allocator-temp-initial-block-size-worker=262144"

    1.3 log         "memorysetup-temp-allocator-size-audio-worker=65536"

    1.3 log         "memorysetup-remapper-allocator-initial-capacity=32768"

    1.3 log     CodeReloadManager initialized

    1.3 log     Input System module state changed to: Initialized.

    1.3 log     [Physics::Module] Initialized fallback backend.

    1.3 log     [Physics::Module] Id: 0xdecafbad

    1.3 log     Loading player data from data.unity3d

    1.3 log     Initialize engine version: 6000.6.2f1 (770e33f6875c)

    1.4 log     [EntityIdStore] init: page-table path, blockCount=1048576, entitiesPerBlock=256, top-level=8388608 bytes, sizeof(Block)=4128 (lazily allocated per committed block)

    1.4 log     Creating WebGL 2.0 context.
    1.4 log     Renderer: WebKit WebGL

    1.4 log     Vendor:   WebKit

    1.4 log     Version:  OpenGL ES 3.0 (WebGL 2.0 (OpenGL ES 3.0 Chromium))

    1.4 log     GLES:     3

    1.4 log      EXT_clip_control EXT_color_buffer_float EXT_color_buffer_half_float EXT_conservative_depth EXT_depth_clamp EXT_disjoint_timer_query_webgl2 EXT_float_blend EXT_polygon_offset_clamp EXT_texture_compression_bptc EXT_texture_compression_rgtc EXT_texture_filter_anisotropic EXT_texture_norm16 KHR_parallel_shader_compile NV_shader_noperspective_interpolation OES_texture_float_linear WEBGL_blend_func_extended WEBGL_clip_cull_distance WEBGL_compressed_texture_astc WEBGL_compressed_texture_etc WEBGL_compressed_texture_etc1 WEBGL_compressed_texture_s3tc WEBGL_compressed_texture_s3tc_srgb WEBGL_debug_renderer_info WEBGL_debug_shaders WEBGL_lose_context WEBGL_multi_draw GL_EXT_clip_control GL_EXT_color_buffer_float GL_EXT_color_buffer_half_float GL_EXT_conservative_depth GL_EXT_depth_clamp GL_EXT_disjoint_timer_query_webgl2 GL_EXT_float_blend GL_EXT_polygon_offset_clamp GL_EXT_texture_compression_bptc GL_EXT_texture_compression_rgtc GL_EXT_texture_filter_anisotropic GL_EXT_texture_norm16 GL_KHR_parallel_shader_compile G

    1.4 log     L_NV_shader_noperspective_interpolation GL_OES_texture_float_linear GL_WEBGL_blend_func_extended GL_WEBGL_clip_cull_distance GL_WEBGL_compressed_texture_astc GL_WEBGL_compressed_texture_etc GL_WEBGL_compressed_texture_etc1 GL_WEBGL_compressed_texture_s3tc GL_WEBGL_compressed_texture_s3tc_srgb GL_WEBGL_debug_renderer_info GL_WEBGL_debug_shaders GL_WEBGL_lose_context GL_WEBGL_multi_draw

    1.4 log     OPENGL LOG: Creating OpenGL ES 3.0 graphics device ; Context level  <OpenGL ES 3.0> ; Context handle 1

    1.4 log     [Physics::Module] Selected backend.

    1.4 log     [Physics::Module] Name: PhysX

    1.4 log     [Physics::Module] Id: 0xf2b8ea05

    1.4 log     [Physics::Module] SDK Version: 4.1.2

    1.4 log     [Physics::Module] Integration Version: 1.0.0

    1.4 log     [Physics::Module] Threading Mode: Single-Threaded

    1.4 log     Input System initialize...

    1.4 log     UnloadTime: 1.199999 ms

    1.5 log     [Fonts] plain lettering off

    1.6 log     [Shot] page_ready
    1.6 log     Audio context resumed after 0.239 seconds.
    1.6 log     [Save] /idbfs/85a6f47a273ab1477d2f4ba1e25e8ab9/lostandfound_save.json

    1.6 log     [Title] show (frame 1)

    1.6 log     Trying to get length of sound which is not loaded yet.
    1.6 log     Trying to get metadata of sound which is not loaded.
    1.6 log     Trying to get length of sound which is not loaded yet.
    1.6 log     Trying to get metadata of sound which is not loaded.
    1.6 log     Trying to get length of sound which is not loaded yet.
    1.6 log     Trying to get metadata of sound which is not loaded.
    1.6 log     Trying to get length of sound which is not loaded yet.
    1.6 log     Trying to get metadata of sound which is not loaded.
    1.6 log     Trying to get length of sound which is not loaded yet.
    1.6 log     Trying to get metadata of sound which is not loaded.
    1.6 log     [Quality] High: render scale 1

    1.7 log     Shader 'Hidden/Universal Render Pipeline/GaussianDepthOfField' is not supported or has been stripped from the build (in 'DepthOfFieldGaussianPostProcessPass'). PostProcessing render passes will not execute.

    1.8 log     Shader 'Hidden/Universal Render Pipeline/GaussianDepthOfField' is not supported or has been stripped from the build (in 'DepthOfFieldGaussianPostProcessPass'). PostProcessing render passes will not execute.

    1.8 log     Shader 'Hidden/Universal Render Pipeline/BokehDepthOfField' is not supported or has been stripped from the build (in 'DepthOfFieldBokehPostProcessPass'). PostProcessing render passes will not execute.

    1.8 log     Shader 'Hidden/Universal Render Pipeline/PaniniProjection' is not supported or has been stripped from the build (in 'PaniniProjectionPostProcessPass'). PostProcessing render passes will not execute.

    1.8 warning Shader 'Hidden/Universal Render Pipeline/Edge Adaptive Spatial Upsampling' is not supported or has been stripped from the build (in 'Blit FSR Upscaling'). PostProcessing render passes will not execute.

    2.3 log     [UnityCache] 'http://127.0.0.1:8764/Build/WebGL.data.br' successfully downloaded and stored in the browser cache
    2.3 log     [Smoke] text size at launch: 0 (reading UI x1)

[webgl] WebGL renderer: ANGLE (AMD, AMD Radeon 8060S Graphics (radeonsi strix_halo ACO), OpenGL ES 3.2)
    3.7 log     [Smoke] text size set to 1: hint bar now x1.25

    3.7 log     [Smoke] fps 0.0 (OpenGLES3)

    3.7 log     [Shot] smoke_00

    3.7 log     [Smoke] shot 0 at 0.0s phase ok, frame 93

    5.8 log     [Smoke] fps 60.0 (OpenGLES3)

    6.7 log     [Shot] smoke_01

    6.7 log     [Smoke] shot 1 at 3.0s phase ok, frame 274

    6.7 log     Trying to get length of sound which is not loaded yet.
    6.7 log     Trying to get metadata of sound which is not loaded.
    6.7 log     Trying to get length of sound which is not loaded yet.
    6.7 log     Trying to get metadata of sound which is not loaded.
    6.7 log     Trying to get length of sound which is not loaded yet.
    6.7 log     Trying to get metadata of sound which is not loaded.
    6.9 log     [Title] dismissed (frame 322)

    7.5 log     [Game] begin week at day 1 (frame 322)

    7.5 log     Trying to get length of sound which is not loaded yet.
    7.5 log     Trying to get metadata of sound which is not loaded.
    7.5 log     Trying to get length of sound which is not loaded yet.
    7.5 log     Trying to get metadata of sound which is not loaded.
    7.5 log     Trying to get length of sound which is not loaded yet.
    8.2 log     Trying to get metadata of sound which is not loaded.
    9.2 log     [Smoke] fps 60.0 (OpenGLES3)

    9.7 log     [Shot] smoke_02

    9.7 log     [Smoke] shot 2 at 6.0s phase ok, frame 454

    9.8 log     [Day] 1: morning

   10.8 log     Trying to get length of sound which is not loaded yet.
   10.8 log     Trying to get metadata of sound which is not loaded.
   10.8 log     Trying to get length of sound which is not loaded yet.
   10.8 log     Trying to get metadata of sound which is not loaded.
   10.8 log     Trying to get length of sound which is not loaded yet.
   10.8 log     Trying to get metadata of sound which is not loaded.
   11.8 log     [Smoke] done

   12.7 log     Quitting...
   12.7 log     [Physics::Module] Cleanup current backend.

   12.7 log     [Physics::Module] Id: 0xf2b8ea05

   12.7 log     Input System module state changed to: ShutdownInProgress.

   12.7 log     Input System module state changed to: Shutdown.

   12.7 log     CodeReloadManager destroyed

   12.7 log     done!

[idbfs] /idbfs/85a6f47a273ab1477d2f4ba1e25e8ab9 (folder)
[idbfs] /idbfs/85a6f47a273ab1477d2f4ba1e25e8ab9/lostandfound_save.json 472 bytes
[idbfs] /idbfs/85a6f47a273ab1477d2f4ba1e25e8ab9/settings.json 101 bytes
