    0.5 log     [Shot] page_loading
    1.3 log     [UnityMemory] Configuration Parameters - Can be set up in boot.config

    1.4 log         "memorysetup-bucket-allocator-granularity=16"

    1.4 log         "memorysetup-bucket-allocator-bucket-count=8"

    1.4 log         "memorysetup-bucket-allocator-block-size=4194304"

    1.4 log         "memorysetup-bucket-allocator-block-count=1"

    1.4 log         "memorysetup-main-allocator-block-size=16777216"

    1.4 log         "memorysetup-thread-allocator-block-size=16777216"

    1.4 log         "memorysetup-main-allocator-mimalloc-enabled=1"

    1.4 log         "memorysetup-gfx-main-allocator-block-size=16777216"

    1.4 log         "memorysetup-gfx-thread-allocator-block-size=16777216"

    1.4 log         "memorysetup-cache-allocator-block-size=4194304"

    1.4 log         "memorysetup-typetree-allocator-block-size=2097152"

    1.4 log         "memorysetup-profiler-bucket-allocator-granularity=16"

    1.4 log         "memorysetup-profiler-bucket-allocator-bucket-count=8"

    1.4 log         "memorysetup-profiler-bucket-allocator-block-size=4194304"

    1.4 log         "memorysetup-profiler-bucket-allocator-block-count=1"

    1.4 log         "memorysetup-profiler-allocator-block-size=16777216"

    1.4 log         "memorysetup-profiler-editor-allocator-block-size=1048576"

    1.4 log         "memorysetup-temp-allocator-size-main=4194304"

    1.4 log         "memorysetup-job-temp-allocator-block-size=2097152"

    1.4 log         "memorysetup-job-temp-allocator-block-size-background=1048576"

    1.4 log         "memorysetup-job-temp-allocator-reduction-small-platforms=262144"

    1.4 log         "memorysetup-temp-allocator-size-background-worker=32768"

    1.4 log         "memorysetup-allocator-temp-initial-block-size-main=262144"

    1.4 log         "memorysetup-allocator-temp-initial-block-size-worker=262144"

    1.4 log         "memorysetup-temp-allocator-size-audio-worker=65536"

    1.4 log         "memorysetup-remapper-allocator-initial-capacity=32768"

    1.4 log     CodeReloadManager initialized

    1.5 log     Input System module state changed to: Initialized.

    1.5 log     [Physics::Module] Initialized fallback backend.

    1.5 log     [Physics::Module] Id: 0xdecafbad

    1.5 log     Loading player data from data.unity3d

    1.5 log     Initialize engine version: 6000.6.2f1 (770e33f6875c)

    1.5 log     [EntityIdStore] init: page-table path, blockCount=1048576, entitiesPerBlock=256, top-level=8388608 bytes, sizeof(Block)=4128 (lazily allocated per committed block)

    1.5 log     Creating WebGL 2.0 context.
    1.5 log     Renderer: WebKit WebGL

    1.5 log     Vendor:   WebKit

    1.5 log     Version:  OpenGL ES 3.0 (WebGL 2.0 (OpenGL ES 3.0 Chromium))

    1.5 log     GLES:     3

    1.5 log      EXT_clip_control EXT_color_buffer_float EXT_color_buffer_half_float EXT_conservative_depth EXT_depth_clamp EXT_disjoint_timer_query_webgl2 EXT_float_blend EXT_polygon_offset_clamp EXT_texture_compression_bptc EXT_texture_compression_rgtc EXT_texture_filter_anisotropic EXT_texture_norm16 KHR_parallel_shader_compile NV_shader_noperspective_interpolation OES_texture_float_linear WEBGL_blend_func_extended WEBGL_clip_cull_distance WEBGL_compressed_texture_astc WEBGL_compressed_texture_etc WEBGL_compressed_texture_etc1 WEBGL_compressed_texture_s3tc WEBGL_compressed_texture_s3tc_srgb WEBGL_debug_renderer_info WEBGL_debug_shaders WEBGL_lose_context WEBGL_multi_draw GL_EXT_clip_control GL_EXT_color_buffer_float GL_EXT_color_buffer_half_float GL_EXT_conservative_depth GL_EXT_depth_clamp GL_EXT_disjoint_timer_query_webgl2 GL_EXT_float_blend GL_EXT_polygon_offset_clamp GL_EXT_texture_compression_bptc GL_EXT_texture_compression_rgtc GL_EXT_texture_filter_anisotropic GL_EXT_texture_norm16 GL_KHR_parallel_shader_compile G

    1.5 log     L_NV_shader_noperspective_interpolation GL_OES_texture_float_linear GL_WEBGL_blend_func_extended GL_WEBGL_clip_cull_distance GL_WEBGL_compressed_texture_astc GL_WEBGL_compressed_texture_etc GL_WEBGL_compressed_texture_etc1 GL_WEBGL_compressed_texture_s3tc GL_WEBGL_compressed_texture_s3tc_srgb GL_WEBGL_debug_renderer_info GL_WEBGL_debug_shaders GL_WEBGL_lose_context GL_WEBGL_multi_draw

    1.5 log     OPENGL LOG: Creating OpenGL ES 3.0 graphics device ; Context level  <OpenGL ES 3.0> ; Context handle 1

    1.5 log     [Physics::Module] Selected backend.

    1.5 log     [Physics::Module] Name: PhysX

    1.5 log     [Physics::Module] Id: 0xf2b8ea05

    1.5 log     [Physics::Module] SDK Version: 4.1.2

    1.5 log     [Physics::Module] Integration Version: 1.0.0

    1.5 log     [Physics::Module] Threading Mode: Single-Threaded

    1.5 log     Input System initialize...

    1.6 log     UnloadTime: 1.400000 ms

    1.6 log     [Fonts] plain lettering off

    1.7 log     [Shot] page_ready
    1.7 log     Audio context resumed after 0.235 seconds.
    1.7 log     [Save] /idbfs/85a6f47a273ab1477d2f4ba1e25e8ab9/lostandfound_save.json

    1.8 log     [Quality] High: render scale 1

    1.8 log     [Game] begin week at day 1 (frame 1)

    1.8 log     Trying to get length of sound which is not loaded yet.
    1.8 log     Trying to get metadata of sound which is not loaded.
    1.8 log     Trying to get length of sound which is not loaded yet.
    1.8 log     Trying to get metadata of sound which is not loaded.
    1.8 log     Trying to get length of sound which is not loaded yet.
    1.8 log     Trying to get metadata of sound which is not loaded.
    1.8 log     Trying to get length of sound which is not loaded yet.
    1.8 log     Trying to get metadata of sound which is not loaded.
    1.8 log     Trying to get length of sound which is not loaded yet.
    1.8 log     Trying to get metadata of sound which is not loaded.
    1.8 log     Shader 'Hidden/Universal Render Pipeline/GaussianDepthOfField' is not supported or has been stripped from the build (in 'DepthOfFieldGaussianPostProcessPass'). PostProcessing render passes will not execute.

    1.9 log     Shader 'Hidden/Universal Render Pipeline/GaussianDepthOfField' is not supported or has been stripped from the build (in 'DepthOfFieldGaussianPostProcessPass'). PostProcessing render passes will not execute.

    1.9 log     Shader 'Hidden/Universal Render Pipeline/BokehDepthOfField' is not supported or has been stripped from the build (in 'DepthOfFieldBokehPostProcessPass'). PostProcessing render passes will not execute.

    1.9 log     Shader 'Hidden/Universal Render Pipeline/PaniniProjection' is not supported or has been stripped from the build (in 'PaniniProjectionPostProcessPass'). PostProcessing render passes will not execute.

    1.9 warning Shader 'Hidden/Universal Render Pipeline/Edge Adaptive Spatial Upsampling' is not supported or has been stripped from the build (in 'Blit FSR Upscaling'). PostProcessing render passes will not execute.

    2.3 log     Trying to get length of sound which is not loaded yet.
    2.4 log     Trying to get metadata of sound which is not loaded.
    2.4 log     [UnityCache] 'http://127.0.0.1:8764/Build/WebGL.data.br' successfully downloaded and stored in the browser cache
    3.5 log     [Day] 1: morning

    4.0 log     Trying to get length of sound which is not loaded yet.
    4.0 log     Trying to get metadata of sound which is not loaded.
    4.0 log     Trying to get length of sound which is not loaded yet.
    4.0 log     Trying to get metadata of sound which is not loaded.
    4.0 log     Trying to get length of sound which is not loaded yet.
    4.0 log     Trying to get metadata of sound which is not loaded.
[webgl] WebGL renderer: ANGLE (AMD, AMD Radeon 8060S Graphics (radeonsi strix_halo ACO), OpenGL ES 3.2)
    4.0 log     Trying to get length of sound which is not loaded yet.
    4.7 log     Trying to get metadata of sound which is not loaded.
    4.7 log     Trying to get length of sound which is not loaded yet.
    4.7 log     Trying to get metadata of sound which is not loaded.
    4.7 log     Trying to get length of sound which is not loaded yet.
    4.8 log     Trying to get metadata of sound which is not loaded.
    4.8 log     Trying to get length of sound which is not loaded yet.
    4.8 log     Trying to get metadata of sound which is not loaded.
    4.8 log     Trying to get length of sound which is not loaded yet.
    4.8 log     Trying to get metadata of sound which is not loaded.
    4.8 log     Trying to get length of sound which is not loaded yet.
    4.8 log     Trying to get metadata of sound which is not loaded.
    4.8 log     Trying to get length of sound which is not loaded yet.
    4.8 log     Trying to get metadata of sound which is not loaded.
    4.8 log     Trying to get length of sound which is not loaded yet.
    4.8 log     Trying to get metadata of sound which is not loaded.
    4.8 log     Trying to get length of sound which is not loaded yet.
    4.8 log     Trying to get metadata of sound which is not loaded.
    4.8 log     Trying to get length of sound which is not loaded yet.
    4.8 log     Trying to get metadata of sound which is not loaded.
    4.8 log     Trying to get length of sound which is not loaded yet.
    5.6 log     Trying to get metadata of sound which is not loaded.
    5.6 log     [Shot] 000_day1_note

    6.1 log     Trying to get length of sound which is not loaded yet.
    6.1 log     Trying to get metadata of sound which is not loaded.
    7.1 log     Trying to get length of sound which is not loaded yet.
    7.2 log     Trying to get metadata of sound which is not loaded.
    7.2 log     Trying to get length of sound which is not loaded yet.
    8.0 log     Trying to get metadata of sound which is not loaded.
    8.0 log     Trying to get length of sound which is not loaded yet.
    8.0 log     Trying to get metadata of sound which is not loaded.
    8.0 log     Trying to get length of sound which is not loaded yet.
    8.0 log     Trying to get metadata of sound which is not loaded.
    8.0 log     Trying to get length of sound which is not loaded yet.
    8.0 log     Trying to get metadata of sound which is not loaded.
    8.0 log     Trying to get length of sound which is not loaded yet.
    8.0 log     Trying to get metadata of sound which is not loaded.
    8.0 log     Trying to get length of sound which is not loaded yet.
    8.0 log     Trying to get metadata of sound which is not loaded.
    8.0 log     Trying to get length of sound which is not loaded yet.
    8.0 log     Trying to get metadata of sound which is not loaded.
    8.0 log     Trying to get length of sound which is not loaded yet.
    8.0 log     Trying to get metadata of sound which is not loaded.
    8.0 log     Trying to get length of sound which is not loaded yet.
    8.0 log     Trying to get metadata of sound which is not loaded.
    8.0 log     Trying to get length of sound which is not loaded yet.
    8.0 log     Trying to get metadata of sound which is not loaded.
    8.0 log     Trying to get length of sound which is not loaded yet.
    8.6 log     Trying to get metadata of sound which is not loaded.
    8.6 log     Trying to get length of sound which is not loaded yet.
    8.6 log     Trying to get metadata of sound which is not loaded.
    8.6 log     Trying to get length of sound which is not loaded yet.
    8.6 log     Trying to get metadata of sound which is not loaded.
    8.6 log     [Shot] 001_case1.1_window

    9.4 log     Trying to get length of sound which is not loaded yet.
    9.4 log     Trying to get metadata of sound which is not loaded.
    9.4 log     Trying to get length of sound which is not loaded yet.
    9.4 log     Trying to get metadata of sound which is not loaded.
    9.7 log     [Shot] 002_day1_rules_card

   10.2 log     [Shot] 003_case1.1_tag

   10.7 log     Trying to get length of sound which is not loaded yet.
   10.8 log     Trying to get metadata of sound which is not loaded.
   10.8 log     Trying to get length of sound which is not loaded yet.
   10.8 log     Trying to get metadata of sound which is not loaded.
   10.8 log     Trying to get length of sound which is not loaded yet.
   10.8 log     Trying to get metadata of sound which is not loaded.
   10.8 log     Trying to get length of sound which is not loaded yet.
   10.8 log     Trying to get metadata of sound which is not loaded.
   10.8 log     Trying to get length of sound which is not loaded yet.
   10.9 log     Trying to get metadata of sound which is not loaded.
   10.9 log     [Shot] 004_case1.1_inspect

   11.3 log     Trying to get length of sound which is not loaded yet.
   11.3 log     Trying to get metadata of sound which is not loaded.
   11.3 log     Trying to get length of sound which is not loaded yet.
   11.3 log     Trying to get metadata of sound which is not loaded.
   11.3 log     Trying to get length of sound which is not loaded yet.
   11.3 log     Trying to get metadata of sound which is not loaded.
   11.3 log     Trying to get length of sound which is not loaded yet.
   11.3 log     Trying to get metadata of sound which is not loaded.
   11.3 log     [Auto] day 1 case 1.1: return->walter (story matches) (authored best return->walter)

   11.3 log     Trying to get length of sound which is not loaded yet.
   11.3 log     Trying to get metadata of sound which is not loaded.
   11.3 log     [Shot] 005_case1.1_verdict

   11.9 log     Trying to get length of sound which is not loaded yet.
   11.9 log     Trying to get metadata of sound which is not loaded.
   11.9 log     Trying to get length of sound which is not loaded yet.
   11.9 log     Trying to get metadata of sound which is not loaded.
   11.9 log     Trying to get length of sound which is not loaded yet.
   11.9 log     Trying to get metadata of sound which is not loaded.
   11.9 log     Trying to get length of sound which is not loaded yet.
   12.0 log     Trying to get metadata of sound which is not loaded.
   12.0 log     Trying to get length of sound which is not loaded yet.
   12.1 log     Trying to get metadata of sound which is not loaded.
   14.1 log     Trying to get length of sound which is not loaded yet.
   14.1 log     Trying to get metadata of sound which is not loaded.
   14.1 log     Trying to get length of sound which is not loaded yet.
   14.1 log     Trying to get metadata of sound which is not loaded.
   14.1 log     Trying to get length of sound which is not loaded yet.
   14.1 log     Trying to get metadata of sound which is not loaded.
   14.1 log     Trying to get length of sound which is not loaded yet.
   14.1 log     Trying to get metadata of sound which is not loaded.
   14.1 log     Trying to get length of sound which is not loaded yet.
   14.1 log     Trying to get metadata of sound which is not loaded.
   14.1 log     Trying to get length of sound which is not loaded yet.
   14.1 log     Trying to get metadata of sound which is not loaded.
   14.1 log     Trying to get length of sound which is not loaded yet.
   14.1 log     Trying to get metadata of sound which is not loaded.
   14.1 log     Trying to get length of sound which is not loaded yet.
   14.1 log     Trying to get metadata of sound which is not loaded.
   15.1 log     [Shot] 006_case1.2_window

   15.5 log     Trying to get length of sound which is not loaded yet.
   15.5 log     Trying to get metadata of sound which is not loaded.
   15.5 log     Trying to get length of sound which is not loaded yet.
   15.5 log     Trying to get metadata of sound which is not loaded.
   15.8 log     [Shot] 007_case1.2_inspect

   16.0 log     Trying to get length of sound which is not loaded yet.
   16.0 log     Trying to get metadata of sound which is not loaded.
   16.0 log     Trying to get length of sound which is not loaded yet.
   16.0 log     Trying to get metadata of sound which is not loaded.
   16.0 log     [Auto] day 1 case 1.2: return->clementine (story matches) (authored best return->clementine)

   16.0 log     [Auto] quitting after case 1.2 (saved: day 1, 2 case(s) done)

   16.7 log     Quitting...
   16.7 log     [Physics::Module] Cleanup current backend.

   16.7 log     [Physics::Module] Id: 0xf2b8ea05

   16.7 log     Input System module state changed to: ShutdownInProgress.

   16.7 log     Input System module state changed to: Shutdown.

   16.7 log     CodeReloadManager destroyed

   16.8 log     done!

[idbfs] /idbfs/85a6f47a273ab1477d2f4ba1e25e8ab9 (folder)
[idbfs] /idbfs/85a6f47a273ab1477d2f4ba1e25e8ab9/lostandfound_save.json 1517 bytes
[idbfs] /idbfs/85a6f47a273ab1477d2f4ba1e25e8ab9/lostandfound_save.json.bak 1023 bytes
